// Jest Snapshot v1, https://goo.gl/fbAQLP

exports[`renders without crashing 1`] = `
<SpacesSeparator
  num={1}
>
  <styled.div>
    <StyledComponent
      forwardedComponent={
        Object {
          "$$typeof": Symbol(react.forward_ref),
          "attrs": Array [],
          "componentStyle": ComponentStyle {
            "componentId": "sc-bdVaJa",
            "isStatic": false,
            "lastClassName": "eUnCtI",
            "rules": Array [
              "
  width: 100%;
  text-align: left;
  position: relative;
",
            ],
          },
          "displayName": "styled.div",
          "foldedComponentIds": Array [],
          "render": [Function],
          "styledComponentId": "sc-bdVaJa",
          "target": "div",
          "toString": [Function],
          "warnTooManyClasses": [Function],
          "withComponent": [Function],
        }
      }
      forwardedRef={null}
    >
      <div
        className="sc-bdVaJa eUnCtI"
      >
        <styled.div>
          <StyledComponent
            forwardedComponent={
              Object {
                "$$typeof": Symbol(react.forward_ref),
                "attrs": Array [],
                "componentStyle": ComponentStyle {
                  "componentId": "sc-htpNat",
                  "isStatic": false,
                  "lastClassName": "xOUHL",
                  "rules": Array [
                    "
  :after {
    content: ' ';
    position: absolute;
    top: 60%;
    left: 50%;
    width: 100%;
    border: 1px solid #979797;
    border-top: 0;
    border-radius: 4px;
    box-shadow: inset 0 1px 1px rgba(0, 0, 0, 0.05);
    transform: translateX(-50%);
    z-index: -2;
  }
",
                  ],
                },
                "displayName": "styled.div",
                "foldedComponentIds": Array [],
                "render": [Function],
                "styledComponentId": "sc-htpNat",
                "target": "div",
                "toString": [Function],
                "warnTooManyClasses": [Function],
                "withComponent": [Function],
              }
            }
            forwardedRef={null}
          >
            <div
              className="sc-htpNat xOUHL"
            >
              <styled.span>
                <StyledComponent
                  forwardedComponent={
                    Object {
                      "$$typeof": Symbol(react.forward_ref),
                      "attrs": Array [],
                      "componentStyle": ComponentStyle {
                        "componentId": "sc-bwzfXH",
                        "isStatic": false,
                        "lastClassName": "dfhtkd",
                        "rules": Array [
                          "
  line-height: 1.5em;
  color: black;
  font-size: 16px;
  font-weight: 400;
  background-color: white;
  padding: 0 25px;
  margin-left: 20px;
",
                        ],
                      },
                      "displayName": "styled.span",
                      "foldedComponentIds": Array [],
                      "render": [Function],
                      "styledComponentId": "sc-bwzfXH",
                      "target": "span",
                      "toString": [Function],
                      "warnTooManyClasses": [Function],
                      "withComponent": [Function],
                    }
                  }
                  forwardedRef={null}
                >
                  <span
                    className="sc-bwzfXH dfhtkd"
                  >
                    DASHBOARD_NUM_SPACES
                  </span>
                </StyledComponent>
              </styled.span>
            </div>
          </StyledComponent>
        </styled.div>
      </div>
    </StyledComponent>
  </styled.div>
</SpacesSeparator>
`;
