// Jest Snapshot v1, https://goo.gl/fbAQLP

exports[`renders without crashing 1`] = `
<Fragment>
  <Header />
  <styled.div>
    <div>
      test
    </div>
  </styled.div>
</Fragment>
`;
