// Jest Snapshot v1, https://goo.gl/fbAQLP

exports[`Plus icon renders without crashing 1`] = `
<Plus>
  <svg
    height="1em"
    viewBox="0 0 18 17"
    width="1em"
  >
    <g
      fill="none"
      fillRule="evenodd"
      stroke="#6CB9D5"
      strokeLinecap="round"
      strokeWidth={2}
    >
      <path
        d="M9 1.6v13.8M1.64 8.5h14.72"
      />
    </g>
  </svg>
</Plus>
`;
