// Jest Snapshot v1, https://goo.gl/fbAQLP

exports[`Space icon renders without crashing 1`] = `
<Space>
  <svg
    height={46}
    width={50}
  >
    <title>
      CE3DC8BC-3A35-4694-97BF-9ACA0DA5EAEA
    </title>
    <g
      fill="none"
      fillRule="nonzero"
    >
      <path
        d="M34.568 24.691L33.335 3.698c-.101-1.73-1.517-3.08-3.235-3.08h-5.53.86-5.53c-1.708 0-3.134 1.35-3.235 3.08l-1.233 20.993"
        fill="#EB8D00"
      />
      <path
        d="M9.825 24.001H.926A.93.93 0 000 24.93c0 .51.417.927.926.927h2.24v3.832c0 .51.418.928.927.928h2.29v14.136c0 .51.418.927.927.927h.916V30.595h33.456V45.66h.926a.93.93 0 00.927-.928V30.595h2.372a.93.93 0 00.927-.927v-3.832h2.24a.93.93 0 00.926-.928.93.93 0 00-.926-.927h-8.91l-1.088-6.033a2.85 2.85 0 00-2.8-2.345h-1.273l-.692-11.669A4.184 4.184 0 0030.136 0H19.864a4.191 4.191 0 00-4.175 3.934l-.692 11.67h-1.273a2.85 2.85 0 00-2.8 2.344L9.824 24zm35.145 4.75H5.02v-2.905H44.96v2.905h.01zm-8.704-11.282c.488 0 .895.346.987.825l1.028 5.697h-2.79l-.386-6.522h1.16zM17.532 4.066a2.341 2.341 0 012.332-2.2h10.262c1.232 0 2.26.967 2.332 2.2l1.191 19.935H16.341l1.191-19.935zm-4.795 14.228a.996.996 0 01.987-.825h1.161l-.387 6.522h-2.79l1.029-5.697z"
        fill="#000"
      />
      <path
        d="M20.682 11.111h8.636a.93.93 0 00.929-.926.93.93 0 00-.929-.926h-8.636a.93.93 0 00-.929.926.93.93 0 00.929.926zM34.264 34.586c.506 0 .921-.422.921-.935a.931.931 0 00-.92-.935H15.117a.931.931 0 00-.92.935c0 .513.414.935.92.935h8.663v4.088h-4.21a.931.931 0 00-.92.934v5.136c0 .514.414.935.92.935s.92-.421.92-.935v-4.2h3.3v4.2c0 .514.415.935.92.935.507 0 .921-.421.921-.935v-4.2h3.3v4.2c0 .514.414.935.92.935s.921-.421.921-.935v-5.136a.931.931 0 00-.92-.934h-4.21v-4.088h8.621z"
        fill="#000"
      />
    </g>
  </svg>
</Space>
`;
