// Jest Snapshot v1, https://goo.gl/fbAQLP

exports[`renders without crashing  1`] = `
<StyledComponent
  forwardedComponent={
    Object {
      "$$typeof": Symbol(react.forward_ref),
      "attrs": Array [],
      "componentStyle": ComponentStyle {
        "componentId": "sc-bdVaJa",
        "isStatic": false,
        "rules": Array [
          "
  display: block;
  position: relative;
  cursor: pointer;
  padding-left: 25px;
  margin: 10px 0;
  input {
    position: absolute;
    opacity 0;
    cursor: pointer;
    width: 0;
    height: 0
  }
  span {
    position: absolute;
    top: 0;
    left: 0;
    height: 15px;
    width: 15px;
    border: 2px solid #B3DBE9;
    margin-top: 1px;
  }
  input:checked ~ span {
    background-color: transparent;
  }

  span:after {
    content: \\" \\";
    position: absolute;
    display: none;
  }

  input:checked ~ span:after {
    display: block;
  }

  span:after {
    left: 5px;
    top: 2px;
    width: 5px;
    height: 8px;
    border: solid black;
    border-width: 0 1px 2px 0;
    transform: rotate(45deg);
  }
",
        ],
      },
      "displayName": "Styled(Component)",
      "foldedComponentIds": Array [],
      "render": [Function],
      "styledComponentId": "sc-bdVaJa",
      "target": [Function],
      "toString": [Function],
      "warnTooManyClasses": [Function],
      "withComponent": [Function],
    }
  }
  forwardedRef={null}
>
  Test
</StyledComponent>
`;
